{
 "signatures": [
  "some_signature;policy/awesome.rego;policy/bundle.tar.gz"
 ]
}